// Jest Snapshot v1, https://goo.gl/fbAQLP

exports[`zhDictCompare 1`] = `
[
  "1",
  "10",
]
`;
