// Jest Snapshot v1, https://goo.gl/fbAQLP

exports[`bug check word is constructor 1`] = `"inspection.dead.code.problem.synopsis28.constructor=构造函数有一个用法,但它是不可到达的从入口点."`;
